// Jest Snapshot v1, https://goo.gl/fbAQLP

exports[`Button renders a button component 1`] = `
<button
  className="ui icon button"
  onClick={[Function]}
>
  <i
    aria-hidden="true"
    className="bold icon"
  />
</button>
`;
