// Jest Snapshot v1, https://goo.gl/fbAQLP

exports[`StyleButton renders a style button component 1`] = `
<button
  onClick={[Function]}
/>
`;
